 
****************************************
Report : power
        -hier
        -analysis_effort low
Design : AxCore_SharedAdd_MPWq4_PE
Version: V-2023.12
Date   : Sun Aug  3 14:47:31 2025
****************************************


Library(s) Used:

    tcbn28hpcplusbwp30p140ffg0p99v0c_ccs (File: /hpc/Tech/TSMC/digital/N28/digital/Front_End/timing_power_noise/CCS/tcbn28hpcplusbwp30p140_180a/tcbn28hpcplusbwp30p140ffg0p99v0c_ccs.db)


Operating Conditions: ffg0p99v0c   Library: tcbn28hpcplusbwp30p140ffg0p99v0c_ccs
Wire Load Model Mode: segmented

Design        Wire Load Model            Library
------------------------------------------------
AxCore_SharedAdd_MPWq4_PE ZeroWireload   tcbn28hpcplusbwp30p140ffg0p99v0c_ccs
SNC_W4                 ZeroWireload      tcbn28hpcplusbwp30p140ffg0p99v0c_ccs
AdderInt               ZeroWireload      tcbn28hpcplusbwp30p140ffg0p99v0c_ccs
GuardAW                ZeroWireload      tcbn28hpcplusbwp30p140ffg0p99v0c_ccs


Global Operating Voltage = 0.99 
Power-specific unit information :
    Voltage Units = 1V
    Capacitance Units = 1.000000pf
    Time Units = 1ns
    Dynamic Power Units = 1mW    (derived from V,C,T units)
    Leakage Power Units = 1nW


--------------------------------------------------------------------------------
                                       Switch   Int      Leak     Total
Hierarchy                              Power    Power    Power    Power    %
--------------------------------------------------------------------------------
AxCore_SharedAdd_MPWq4_PE              2.23e-03 2.27e-02  207.936 2.52e-02 100.0
  GuardingAW (GuardAW)                 3.56e-04 1.65e-03   36.528 2.04e-03   8.1
  AxMultS1 (AdderInt)                  8.65e-04 2.42e-03   80.767 3.36e-03  13.4
  SNC_MPWq4 (SNC_W4)                   7.09e-04 5.10e-04   26.725 1.25e-03   4.9
1
