 
****************************************
Report : area
Design : AxCore_SharedAdd_MPWq4_PE
Version: V-2023.12
Date   : Sun Aug  3 14:53:04 2025
****************************************

Library(s) Used:

    tcbn28hpcplusbwp30p140ffg0p99v0c_ccs (File: /hpc/Tech/TSMC/digital/N28/digital/Front_End/timing_power_noise/CCS/tcbn28hpcplusbwp30p140_180a/tcbn28hpcplusbwp30p140ffg0p99v0c_ccs.db)

Number of ports:                          287
Number of nets:                           272
Number of cells:                           79
Number of combinational cells:             72
Number of sequential cells:                 4
Number of macros/black boxes:               0
Number of buf/inv:                          7
Number of references:                       5

Combinational area:                 43.848000
Buf/Inv area:                        1.764000
Noncombinational area:               9.072000
Macro/Black Box area:                0.000000
Net Interconnect area:      undefined  (Wire load has zero net area)

Total cell area:                    52.920000
Total area:                 undefined

Hierarchical area distribution
------------------------------

                                  Global cell area          Local cell area
                                  ------------------  --------------------------- 
Hierarchical cell                 Absolute   Percent  Combi-    Noncombi-  Black-
                                  Total      Total    national  national   boxes   Design
--------------------------------  ---------  -------  --------  ---------  ------  ---------
AxCore_SharedAdd_MPWq4_PE           52.9200    100.0    3.5280     9.0720  0.0000  AxCore_SharedAdd_MPWq4_PE
AxMultS1                            16.7580     31.7   16.7580     0.0000  0.0000  AdderInt
GuardingAW                          16.5060     31.2   16.5060     0.0000  0.0000  GuardAW
SNC_MPWq4                            7.0560     13.3    7.0560     0.0000  0.0000  SNC_W4
--------------------------------  ---------  -------  --------  ---------  ------  ---------
Total                                                  43.8480     9.0720  0.0000

1
