 
****************************************
Report : power
        -hier
        -analysis_effort low
Design : AxCore_SharedAdd_W8_PE
Version: V-2023.12
Date   : Sun Aug  3 16:41:56 2025
****************************************


Library(s) Used:

    tcbn28hpcplusbwp30p140ffg0p99v0c_ccs (File: /hpc/Tech/TSMC/digital/N28/digital/Front_End/timing_power_noise/CCS/tcbn28hpcplusbwp30p140_180a/tcbn28hpcplusbwp30p140ffg0p99v0c_ccs.db)


Operating Conditions: ffg0p99v0c   Library: tcbn28hpcplusbwp30p140ffg0p99v0c_ccs
Wire Load Model Mode: segmented

Design        Wire Load Model            Library
------------------------------------------------
AxCore_SharedAdd_W8_PE ZeroWireload      tcbn28hpcplusbwp30p140ffg0p99v0c_ccs
SNC_W8                 ZeroWireload      tcbn28hpcplusbwp30p140ffg0p99v0c_ccs
AdderInt               ZeroWireload      tcbn28hpcplusbwp30p140ffg0p99v0c_ccs
GuardAW                ZeroWireload      tcbn28hpcplusbwp30p140ffg0p99v0c_ccs


Global Operating Voltage = 0.99 
Power-specific unit information :
    Voltage Units = 1V
    Capacitance Units = 1.000000pf
    Time Units = 1ns
    Dynamic Power Units = 1mW    (derived from V,C,T units)
    Leakage Power Units = 1nW


--------------------------------------------------------------------------------
                                       Switch   Int      Leak     Total
Hierarchy                              Power    Power    Power    Power    %
--------------------------------------------------------------------------------
AxCore_SharedAdd_W8_PE                 2.69e-03 4.24e-02  279.161 4.53e-02 100.0
  GuardingAW (GuardAW)                 3.52e-04 1.86e-03   37.081 2.25e-03   5.0
  AxMultS1 (AdderInt)                  1.15e-03 3.63e-03   96.390 4.87e-03  10.7
  SNC_Wq8 (SNC_W8)                     4.32e-04 3.36e-04   18.043 7.86e-04   1.7
1
