 
****************************************
Report : power
        -hier
        -analysis_effort low
Design : AxCore_SharedAdd_MPWq4_PE
Version: V-2023.12
Date   : Sun Aug  3 17:39:40 2025
****************************************


Library(s) Used:

    tcbn28hpcplusbwp30p140ffg0p99v0c_ccs (File: /hpc/Tech/TSMC/digital/N28/digital/Front_End/timing_power_noise/CCS/tcbn28hpcplusbwp30p140_180a/tcbn28hpcplusbwp30p140ffg0p99v0c_ccs.db)


Operating Conditions: ffg0p99v0c   Library: tcbn28hpcplusbwp30p140ffg0p99v0c_ccs
Wire Load Model Mode: segmented

Design        Wire Load Model            Library
------------------------------------------------
AxCore_SharedAdd_MPWq4_PE ZeroWireload   tcbn28hpcplusbwp30p140ffg0p99v0c_ccs
SNC_W4                 ZeroWireload      tcbn28hpcplusbwp30p140ffg0p99v0c_ccs
AdderInt               ZeroWireload      tcbn28hpcplusbwp30p140ffg0p99v0c_ccs
GuardAW                ZeroWireload      tcbn28hpcplusbwp30p140ffg0p99v0c_ccs


Global Operating Voltage = 0.99 
Power-specific unit information :
    Voltage Units = 1V
    Capacitance Units = 1.000000pf
    Time Units = 1ns
    Dynamic Power Units = 1mW    (derived from V,C,T units)
    Leakage Power Units = 1nW


--------------------------------------------------------------------------------
                                       Switch   Int      Leak     Total
Hierarchy                              Power    Power    Power    Power    %
--------------------------------------------------------------------------------
AxCore_SharedAdd_MPWq4_PE              1.98e-03 2.25e-02  193.353 2.46e-02 100.0
  GuardingAW (GuardAW)                 3.62e-04 1.64e-03   36.476 2.04e-03   8.3
  AxMultS1 (AdderInt)                  6.05e-04 2.16e-03   66.235 2.83e-03  11.5
  SNC_MPWq4 (SNC_W4)                   7.09e-04 5.10e-04   26.725 1.25e-03   5.1
1
