 
****************************************
Report : power
        -hier
        -analysis_effort low
Design : AxCore_SharedAdd_W8_PE
Version: V-2023.12
Date   : Sun Aug  3 16:38:07 2025
****************************************


Library(s) Used:

    tcbn28hpcplusbwp30p140ffg0p99v0c_ccs (File: /hpc/Tech/TSMC/digital/N28/digital/Front_End/timing_power_noise/CCS/tcbn28hpcplusbwp30p140_180a/tcbn28hpcplusbwp30p140ffg0p99v0c_ccs.db)


Operating Conditions: ffg0p99v0c   Library: tcbn28hpcplusbwp30p140ffg0p99v0c_ccs
Wire Load Model Mode: segmented

Design        Wire Load Model            Library
------------------------------------------------
AxCore_SharedAdd_W8_PE ZeroWireload      tcbn28hpcplusbwp30p140ffg0p99v0c_ccs
SNC_W8                 ZeroWireload      tcbn28hpcplusbwp30p140ffg0p99v0c_ccs
AdderInt               ZeroWireload      tcbn28hpcplusbwp30p140ffg0p99v0c_ccs
GuardAW                ZeroWireload      tcbn28hpcplusbwp30p140ffg0p99v0c_ccs


Global Operating Voltage = 0.99 
Power-specific unit information :
    Voltage Units = 1V
    Capacitance Units = 1.000000pf
    Time Units = 1ns
    Dynamic Power Units = 1mW    (derived from V,C,T units)
    Leakage Power Units = 1nW


--------------------------------------------------------------------------------
                                       Switch   Int      Leak     Total
Hierarchy                              Power    Power    Power    Power    %
--------------------------------------------------------------------------------
AxCore_SharedAdd_W8_PE                 2.40e-03 4.17e-02  259.304 4.43e-02 100.0
  GuardingAW (GuardAW)                 3.74e-04 1.84e-03   37.263 2.25e-03   5.1
  AxMultS1 (AdderInt)                  8.65e-04 2.95e-03   76.352 3.89e-03   8.8
  SNC_Wq8 (SNC_W8)                     4.32e-04 3.36e-04   18.043 7.86e-04   1.8
1
